
> build
> vite build

vite v7.3.1 building client environment for production...
✓ 0 modules transformed.
✗ Build failed in 330ms
error during build:
[vite-plugin-pwa:build] There was an error during the build:
  [plugin @laravel/vite-plugin-wayfinder] Error generating types: Error: Command failed: php artisan wayfinder:generate --with-form

Additionally, handling the error in the 'buildEnd' hook caused the following error:
  [plugin @laravel/vite-plugin-wayfinder] Error generating types: Error: Command failed: php artisan wayfinder:generate --with-form

    at getRollupError (file:///Users/piyushprashant/Documents/personal-projects/sutracode-workspace/pdseducation/node_modules/.pnpm/rollup@4.60.0/node_modules/rollup/dist/es/shared/parseAst.js:406:41)
    at file:///Users/piyushprashant/Documents/personal-projects/sutracode-workspace/pdseducation/node_modules/.pnpm/rollup@4.60.0/node_modules/rollup/dist/es/shared/node-entry.js:23522:39
    at process.processTicksAndRejections (node:internal/process/task_queues:95:5)
    at async catchUnfinishedHookActions (file:///Users/piyushprashant/Documents/personal-projects/sutracode-workspace/pdseducation/node_modules/.pnpm/rollup@4.60.0/node_modules/rollup/dist/es/shared/node-entry.js:22980:16)
    at async rollupInternal (file:///Users/piyushprashant/Documents/personal-projects/sutracode-workspace/pdseducation/node_modules/.pnpm/rollup@4.60.0/node_modules/rollup/dist/es/shared/node-entry.js:23505:5)
    at async buildEnvironment (file:///Users/piyushprashant/Documents/personal-projects/sutracode-workspace/pdseducation/node_modules/.pnpm/vite@7.3.1_@types+node@22.19.15_jiti@2.6.1_lightningcss@1.32.0_terser@5.46.1/node_modules/vite/dist/node/chunks/config.js:33541:12)
    at async Object.build (file:///Users/piyushprashant/Documents/personal-projects/sutracode-workspace/pdseducation/node_modules/.pnpm/vite@7.3.1_@types+node@22.19.15_jiti@2.6.1_lightningcss@1.32.0_terser@5.46.1/node_modules/vite/dist/node/chunks/config.js:33900:19)
    at async Object.buildApp (file:///Users/piyushprashant/Documents/personal-projects/sutracode-workspace/pdseducation/node_modules/.pnpm/vite@7.3.1_@types+node@22.19.15_jiti@2.6.1_lightningcss@1.32.0_terser@5.46.1/node_modules/vite/dist/node/chunks/config.js:33897:153)
    at async CAC.<anonymous> (file:///Users/piyushprashant/Documents/personal-projects/sutracode-workspace/pdseducation/node_modules/.pnpm/vite@7.3.1_@types+node@22.19.15_jiti@2.6.1_lightningcss@1.32.0_terser@5.46.1/node_modules/vite/dist/node/cli.js:629:3)
